[tecate.com/cerveza-tecate-RETAILERS.html]
[tecate.com/index.html]
[backblue.gif]
[fade.gif]
[index.html]
[tecate.com/img/favicon/apple-touch-icon-57x57.png]
[tecate.com/img/favicon/apple-touch-icon-114x114.png]
[tecate.com/img/favicon/apple-touch-icon-72x72.png]
[tecate.com/img/favicon/apple-touch-icon-144x144.png]
[tecate.com/img/favicon/apple-touch-icon-60x60.png]
[tecate.com/img/favicon/apple-touch-icon-120x120.png]
[tecate.com/img/favicon/apple-touch-icon-76x76.png]
[tecate.com/img/favicon/apple-touch-icon-152x152.png]
[tecate.com/img/favicon/favicon-196x196.png]
[tecate.com/img/favicon/favicon-96x96.png]
[tecate.com/img/favicon/favicon-32x32.png]
[tecate.com/img/favicon/favicon-16x16.png]
[tecate.com/img/favicon/favicon-128.png]
[tecate.com/img/favicon/mstile-144x144.png]
[tecate.com/img/favicon/mstile-70x70.png]
[tecate.com/img/favicon/mstile-150x150.png]
[tecate.com/img/favicon/mstile-310x150.png]
[tecate.com/img/favicon/mstile-310x310.png]
[tecate.com/img/favicon/manifest.json]
[tecate.com/css/app.css]
[tecate.com/cerveza-tecate.html]
[tecate.com/cat/asi-somos.html]
[tecate.com/cat/somos-futbol.html]
[tecate.com/cat/somos-beisbol.html]
[tecate.com/cat/somos-bax.html]
[tecate.com/cat/somos-musica.html]
[tecate.com/aviso-de-privacidad.html]
[tecate.com/politicas.html]
[sttecatesite.blob.core.windows.net/site2019/132545227969735144_TKT_TN_560x550.png]
[tecate.com/somos-millones-en-lacanchamasgrande.html]
[sttecatesite.blob.core.windows.net/site2019/132502817706712928_201112_Tecate_Navidad_Banners_560-550_V2.png]
[sttecatesite.blob.core.windows.net/site2019/132382649864825689_550x560 familia V2.png]
[sttecatesite.blob.core.windows.net/site2019/132382649316999709_550x560 V2 ambar.png]
[tecate.com/esta-es-la-nueva-tecate-ambar.html]
[sttecatesite.blob.core.windows.net/site2019/132382650368323694_550x560 brotherhood V2.png]
[tecate.com/tecate-as-somos.html]
[sttecatesite.blob.core.windows.net/site2019/132503623462821151_201112_Tecate_Navidad_Banners_1500-500_V2 (2).png]
[tecate.com/te-metes-con-uno-te-metes-con-todos.html]
[sttecatesite.blob.core.windows.net/site2019/132259157750295876_160220_Tecate_OVNI_Adaptaciones_TN_2-1.png]
[sttecatesite.blob.core.windows.net/site2019/132164072486299084_191023_Tecate_LanzamientoAmbar_Historia_TN_1500-550.png]
[tecate.com/as-se-vivi-el-tecate-bajo.html]
[sttecatesite.blob.core.windows.net/site2019/132192584413409988_200619_TECATE_TN_SITE_BAJIO_1300x550_v1.jpg]
[tecate.com/as-disfrutamos-el-tecate-sonoro.html]
[sttecatesite.blob.core.windows.net/site2019/132180578957074286_tecate-sonoro-somos-musica.jpg]
[tecate.com/revive-el-tecate-pennsula.html]
[sttecatesite.blob.core.windows.net/site2019/132168440051721547_tecate site peninsula 2.png]
[tecate.com/revive-un-poco-del-tecate-live-out.html]
[sttecatesite.blob.core.windows.net/site2019/132163981319204111_191021_Teacate_LiveOut_Reecap_TN_1500-550[1].png]
[tecate.com/revive-con-nosotros-el-tecate-coordenada.html]
[sttecatesite.blob.core.windows.net/site2019/132162567936063140_200619_TECATE_COORDENADA_1300x550_v1.jpg]
[tecate.com/as-se-vivi-el-tecate-repblica.html]
[sttecatesite.blob.core.windows.net/site2019/132162549444680026_Tecate_Republica_ThumbSitio_1500x550.jpg]
[tecate.com/tecate-arcadia-2019.html]
[sttecatesite.blob.core.windows.net/site2019/132155497429349705_TECATEARCADIA.png]
[tecate.com/cafe-tacvba-unplugged.html]
[sttecatesite.blob.core.windows.net/site2019/132140700052751530_200619_TECATE_TACUBA_1300x550_v1b.jpg]
[tecate.com/revive-el-tecate-residence-r44.html]
[sttecatesite.blob.core.windows.net/site2019/132122584552511503_260619_TECATE_RESIDENCE_1500x550_v2.jpg]
[tecate.com/revive-el-tecate-food-truck-fest.html]
[sttecatesite.blob.core.windows.net/site2019/132114151591124592_2.png]
[tecate.com/revive-el-tecate-location.html]
[sttecatesite.blob.core.windows.net/site2019/132114087691444133_2.0260619_TECATE_LOCATION_1500x550_v1.jpg]
[tecate.com/revive-el-tecate-supremo.html]
[sttecatesite.blob.core.windows.net/site2019/132098517097545694_200619_TECATE_SUPREMO_1300x550_v3.jpg]
[tecate.com/revive-el-tecate-pal-norte.html]
[sttecatesite.blob.core.windows.net/site2019/132098523901579628_200619_TECATE_PALNORTE_1300x550_v3.jpg]
[sttecatesite.blob.core.windows.net/site2019/132545230854413655_TKT_TN_1500x500.png]
[tecate.com/nada-puede-competir-contra-la-amistad.html]
[sttecatesite.blob.core.windows.net/site2019/132098524479766269_200619_TECATE_FUTBOL_1300x550_v3.jpg]
[tecate.com/un-round-entre-amigos.html]
[sttecatesite.blob.core.windows.net/site2019/132061299828438279_200619_TECATE_UNDERSTAND_1300x550_v1.jpg]
[tecate.com/siempre-tirando-esquina.html]
[sttecatesite.blob.core.windows.net/site2019/132060403941874262_200619_TECATE_BOX_1300x550_v1.jpg]
[tecate.com/img/Logo-Nuevo-800-cerveza_W.png]
[tecate.com/terminos-y-condiciones.html]
[tecate.com/xeerpa/widget/index.html]
[tecate.com/img/heineken.png]
[tecate.com/img/responsible_consumption.png]
[connect.facebook.net/en_US/fbevents.js]
[tecate.com/index.html]
[static.ads-twitter.com/uwt.js]
[tecate.com/js/app.js]
[tecate.com/img/credentials/tecate/A_ORIGINAL.png]
[tecate.com/img/credentials/tecate/A_LIGHT.png]
[tecate.com/img/credentials/tecate/A_TITANIUM.png]
[tecate.com/img/credentials/tecate/LOGO_STG.png]
[tecate.com/img/credentials/tecate/LOGO_CORNERSHOP.png]
[tecate.com/img/credentials/tecate/LOGO_RAPPI.png]
[tecate.com/img/credentials/tecate/LOGO_AMAZON.png]
[tecate.com/img/credentials/tecate/LOGO_HEB.png]
[tecate.com/img/credentials/tecate/LOGO_WALMART.png]
[tecate.com/img/credentials/tecate/LOGO_ML.png]
[tecate.com/img/credentials/tecate/LATAS.png]
[tecate.com/cerveza-tecate-RETAILERS.html]
[tecate.com/fonts/SairaCondensed-black.woff]
[tecate.com/fonts/SairaCondensed-black.woff2]
[tecate.com/fonts/DINPro-Regular.woff]
[tecate.com/fonts/DINPro-Bold.woff]
[tecate.com/css/app.css]
[www.googletagmanager.com/gtm5445.html]
[tecate.com/img/logo_tecate.svg]
[tecate.com/cerveza-tecate.html]
[sttecatesite.blob.core.windows.net/site2019/132098524755308481_200619_TECATE_GEMIDO_1500x550_v3.jpg]
[sttecatesite.blob.core.windows.net/site2019/132098524971040495_200619_TECATE_Manifesto_1500x550_v3.jpg]
[sttecatesite.blob.core.windows.net/site2019/132527242430717535_PEB_TKT_BANNERdesktop_1500x500.png]
[tecate.com/cat/asi-somos.html]
[tecate.com/cat/somos-futbol.html]
[tecate.com/double-play-entre-amigos.html]
[sttecatesite.blob.core.windows.net/site2019/132061298657977484_200619_TECATE_BEISBOL_1300x550_v1.jpg]
[tecate.com/cat/somos-beisbol.html]
[tecate.com/cat/somos-bax.html]
[tecate.com/cat/somos-musica.html]
[tecate.com/img/twitter.svg]
[tecate.com/img/facebook.svg]
[tecate.com/img/instagram.svg]
[tecate.com/img/youtube.svg]
[tecate.com/aviso-de-privacidad.html]
[tecate.com/politicas.html]
[tecate.com/img/01800.svg]
[sttecatesite.blob.core.windows.net/site2019/132545230864703663_TKT_TN_560x550.png]
[tecate.com/gana-experiencias-unicas.html]
[sttecatesite.blob.core.windows.net/site2019/132098523768772969_200619_TECATE_VERANO_1300x550_v3.jpg]
[tecate.com/somos-millones-en-lacanchamasgrande.html]
[sttecatesite.blob.core.windows.net/site2019/132164072489783112_191023_Tecate_LanzamientoAmbar_Historia_TN_560-550.png]
[tecate.com/esta-es-la-nueva-tecate-ambar.html]
[tecate.com/manifiesto.html]
[tecate.com/img/logo_tecate_white.svg]
[sttecatesite.blob.core.windows.net/site2019/132502925698354769_201112_Tecate_Navidad_Banners_560-550_V2.png]
[tecate.com/tecate-as-somos.html]
[sttecatesite.blob.core.windows.net/site2019/132259157751931570_160220_Tecate_OVNI_Adaptaciones_TN_1-1.png]
[tecate.com/te-metes-con-uno-te-metes-con-todos.html]
[sttecatesite.blob.core.windows.net/site2019/132192584420178062_200619_TECATE_TN_SITE_BAJIO_560x550_v1.jpg]
[tecate.com/as-se-vivi-el-tecate-bajo.html]
[sttecatesite.blob.core.windows.net/site2019/132180578964901817_tecate-sonoro-somosmusica.jpg]
[tecate.com/as-disfrutamos-el-tecate-sonoro.html]
[sttecatesite.blob.core.windows.net/site2019/132168440060470527_tecate site peninsula 1.png]
[tecate.com/revive-el-tecate-pennsula.html]
[sttecatesite.blob.core.windows.net/site2019/132163407284386565_191021_Teacate_LiveOut_Reecap_TN_560-550.png]
[tecate.com/revive-un-poco-del-tecate-live-out.html]
[sttecatesite.blob.core.windows.net/site2019/132162567942953249_110619_TECATE_COORDENADA_560x550_v1.png]
[tecate.com/revive-con-nosotros-el-tecate-coordenada.html]
[sttecatesite.blob.core.windows.net/site2019/132162549451419315_Tecate_Republica_ThumbSitio_560x550.jpg]
[tecate.com/as-se-vivi-el-tecate-repblica.html]
[sttecatesite.blob.core.windows.net/site2019/132155497436856875_TECATEARCADIAmobile.png]
[tecate.com/tecate-arcadia-2019.html]
[sttecatesite.blob.core.windows.net/site2019/132140700054973427_110619_TECATE_TACUBA_560x550_v1a.png]
[tecate.com/cafe-tacvba-unplugged.html]
[sttecatesite.blob.core.windows.net/site2019/132122584564256241_110619_TECATE_RESIDENCE_560x550_v2.png]
[tecate.com/revive-el-tecate-residence-r44.html]
[sttecatesite.blob.core.windows.net/site2019/132114151207543658_1.png]
[tecate.com/revive-el-tecate-food-truck-fest.html]
[sttecatesite.blob.core.windows.net/site2019/132114087108770952_2.0110619_TECATE_LOCATION_560x550_v1.jpg]
[tecate.com/revive-el-tecate-location.html]
[sttecatesite.blob.core.windows.net/site2019/132107880285825545_110619_TECATE_SUPREMO_560x550_v1c.jpg]
[tecate.com/revive-el-tecate-supremo.html]
[sttecatesite.blob.core.windows.net/site2019/132103681481090630_110619_TECATE_PALNORTE_560x550_v1b.jpg]
[tecate.com/revive-el-tecate-pal-norte.html]
[sttecatesite.blob.core.windows.net/site2019/132103681857029582_110619_TECATE_FUTBOL_560x550_v1b.jpg]
[tecate.com/nada-puede-competir-contra-la-amistad.html]
[sttecatesite.blob.core.windows.net/site2019/132103682822056329_110619_TECATE_UNDERSTAND_560x550_v1b.jpg]
[tecate.com/un-round-entre-amigos.html]
[sttecatesite.blob.core.windows.net/site2019/132103682551836511_110619_TECATE_BOX_560x550_v1b.jpg]
[tecate.com/siempre-tirando-esquina.html]
[tecate.com/terminos-y-condiciones.html]
[tecate.com/xeerpa/widget/css/app.eeb12754.css]
[tecate.com/xeerpa/widget/css/chunk-vendors.95b0ac3f.css]
[tecate.com/xeerpa/widget/js/app.6e0df3ae.js]
[tecate.com/xeerpa/widget/js/chunk-vendors.cdf307eb.js]
[tecate.com/xeerpa/widget/index.html]
[connect.facebook.net/en_US/fbevents.js]
[tecate.com/fonts/DINPro-Regular.html]
[tecate.com/fonts/DINPro-Bold.html]
[tecate.com/img/select_bg.svg]
[tecate.com/pase-lo-que-pase-siempre-amigos.html]
[tecate.com/streaming-posada-entre-brothers.html]
[sttecatesite.blob.core.windows.net/site2019/132103681682689804_110619_TECATE_BEISBOL_560x550_v1b.png]
[tecate.com/double-play-entre-amigos.html]
[sttecatesite.blob.core.windows.net/site2019/132103681978380215_110619_TECATE_VERANO_560x550_v1b.jpg]
[tecate.com/gana-experiencias-unicas.html]
[tecate.com/xeerpa/widget/css/app.eeb12754.css]
[tecate.com/xeerpa/widget/css/chunk-vendors.95b0ac3f.css]
[tecate.com/somos-tecate.html]
[tecate.com/POST.html]
